\BOOKMARK [1][-]{section.1}{\376\377\000I\000n\000t\000r\000o\000d\000u\000c\000t\000i\000o\000n}{}% 1
\BOOKMARK [1][-]{section.2}{\376\377\000R\000e\000l\000a\000t\000e\000d\000\040\000W\000o\000r\000k}{}% 2
\BOOKMARK [2][-]{subsection.2.1}{\376\377\000P\000a\000s\000s\000i\000v\000e\000\040\000C\000o\000n\000t\000e\000x\000t\000\040\000M\000a\000n\000a\000g\000e\000m\000e\000n\000t}{section.2}% 3
\BOOKMARK [2][-]{subsection.2.2}{\376\377\000A\000g\000e\000n\000t\000i\000c\000\040\000P\000r\000o\000a\000c\000t\000i\000v\000e\000\040\000C\000o\000n\000t\000e\000x\000t\000\040\000M\000a\000n\000a\000g\000e\000m\000e\000n\000t}{section.2}% 4
\BOOKMARK [1][-]{section.3}{\376\377\000P\000r\000e\000l\000i\000m\000i\000n\000a\000r\000y}{}% 5
\BOOKMARK [2][-]{subsection.3.1}{\376\377\000F\000r\000o\000m\000\040\000P\000a\000s\000s\000i\000v\000e\000\040\000t\000o\000\040\000P\000r\000o\000a\000c\000t\000i\000v\000e\000:\000\040\000C\000o\000n\000t\000e\000x\000t\000\040\000M\000a\000n\000a\000g\000e\000m\000e\000n\000t\000\040\000i\000n\000\040\000A\000g\000e\000n\000t\000i\000c\000\040\000R\000e\000a\000s\000o\000n\000i\000n\000g}{section.3}% 6
\BOOKMARK [2][-]{subsection.3.2}{\376\377\000P\000i\000l\000o\000t\000\040\000S\000t\000u\000d\000y}{section.3}% 7
\BOOKMARK [1][-]{section.4}{\376\377\000M\000e\000t\000h\000o\000d\000o\000l\000o\000g\000y}{}% 8
\BOOKMARK [2][-]{subsection.4.1}{\376\377\000C\000o\000n\000t\000e\000x\000t\000\040\000M\000a\000n\000a\000g\000e\000m\000e\000n\000t\000\040\000T\000o\000o\000l\000s\000e\000t\000\040\000D\000e\000s\000i\000g\000n}{section.4}% 9
\BOOKMARK [2][-]{subsection.4.2}{\376\377\000S\000u\000p\000e\000r\000v\000i\000s\000e\000d\000\040\000F\000i\000n\000e\000-\000T\000u\000n\000i\000n\000g\000\040\000D\000a\000t\000a\000\040\000S\000y\000n\000t\000h\000e\000s\000i\000s}{section.4}% 10
\BOOKMARK [2][-]{subsection.4.3}{\376\377\000R\000L\000\040\000T\000r\000a\000i\000n\000i\000n\000g\000\040\000w\000i\000t\000h\000\040\000P\000a\000r\000t\000i\000a\000l\000\040\000R\000o\000l\000l\000o\000u\000t\000\040\000a\000n\000d\000\040\000F\000i\000n\000e\000-\000G\000r\000a\000i\000n\000e\000d\000\040\000C\000r\000e\000d\000i\000t\000\040\000A\000s\000s\000i\000g\000n\000m\000e\000n\000t}{section.4}% 11
\BOOKMARK [1][-]{section.5}{\376\377\000E\000x\000p\000e\000r\000i\000m\000e\000n\000t\000s}{}% 12
\BOOKMARK [2][-]{subsection.5.1}{\376\377\000E\000x\000p\000e\000r\000i\000m\000e\000n\000t\000\040\000S\000e\000t\000u\000p}{section.5}% 13
\BOOKMARK [2][-]{subsection.5.2}{\376\377\000M\000a\000i\000n\000\040\000R\000e\000s\000u\000l\000t\000s}{section.5}% 14
\BOOKMARK [2][-]{subsection.5.3}{\376\377\000F\000u\000r\000t\000h\000e\000r\000\040\000A\000n\000a\000l\000y\000s\000i\000s}{section.5}% 15
\BOOKMARK [2][-]{subsection.5.4}{\376\377\000A\000b\000l\000a\000t\000i\000o\000n\000\040\000S\000t\000u\000d\000i\000e\000s}{section.5}% 16
\BOOKMARK [1][-]{section.6}{\376\377\000C\000o\000n\000c\000l\000u\000s\000i\000o\000n}{}% 17
\BOOKMARK [1][-]{appendix.A}{\376\377\000T\000h\000e\000o\000r\000e\000t\000i\000c\000a\000l\000\040\000D\000i\000s\000c\000u\000s\000s\000i\000o\000n\000\040\000o\000f\000\040\000F\000i\000n\000e\000-\000G\000r\000a\000i\000n\000e\000d\000\040\000C\000r\000e\000d\000i\000t\000\040\000A\000s\000s\000i\000g\000n\000m\000e\000n\000t}{}% 18
\BOOKMARK [1][-]{appendix.B}{\376\377\000T\000r\000a\000i\000n\000i\000n\000g\000\040\000D\000a\000t\000a\000s\000e\000t\000\040\000S\000t\000a\000t\000i\000s\000t\000i\000c\000s}{}% 19
\BOOKMARK [1][-]{appendix.C}{\376\377\000S\000F\000T\000\040\000D\000a\000t\000a\000\040\000S\000y\000n\000t\000h\000e\000s\000i\000s\000\040\000D\000e\000t\000a\000i\000l\000s}{}% 20
\BOOKMARK [1][-]{appendix.D}{\376\377\000T\000r\000a\000i\000n\000i\000n\000g\000\040\000D\000e\000t\000a\000i\000l\000s}{}% 21
\BOOKMARK [1][-]{appendix.E}{\376\377\000A\000d\000d\000i\000t\000i\000o\000n\000a\000l\000\040\000T\000o\000k\000e\000n\000\040\000E\000f\000f\000i\000c\000i\000e\000n\000c\000y\000\040\000A\000n\000a\000l\000y\000s\000i\000s}{}% 22
\BOOKMARK [1][-]{appendix.F}{\376\377\000T\000o\000o\000l\000\040\000C\000a\000l\000l\000\040\000S\000t\000a\000t\000i\000s\000t\000i\000c\000s}{}% 23
\BOOKMARK [1][-]{appendix.G}{\376\377\000T\000o\000o\000l\000\040\000F\000a\000i\000l\000u\000r\000e\000\040\000D\000e\000f\000i\000n\000i\000t\000i\000o\000n\000s}{}% 24
\BOOKMARK [1][-]{appendix.H}{\376\377\000A\000d\000d\000i\000t\000i\000o\000n\000a\000l\000\040\000T\000o\000o\000l\000s\000e\000t\000\040\000A\000b\000l\000a\000t\000i\000o\000n}{}% 25
\BOOKMARK [1][-]{appendix.I}{\376\377\000T\000r\000a\000i\000n\000i\000n\000g\000-\000F\000r\000e\000e\000\040\000T\000o\000o\000l\000s\000e\000t\000\040\000T\000r\000a\000n\000s\000f\000e\000r}{}% 26
\BOOKMARK [1][-]{appendix.J}{\376\377\000G\000e\000n\000e\000r\000a\000l\000\040\000T\000o\000o\000l\000-\000U\000s\000e\000\040\000R\000o\000b\000u\000s\000t\000n\000e\000s\000s}{}% 27
\BOOKMARK [1][-]{appendix.K}{\376\377\000A\000d\000d\000i\000t\000i\000o\000n\000a\000l\000\040\000R\000L\000\040\000T\000r\000a\000i\000n\000i\000n\000g\000\040\000A\000b\000l\000a\000t\000i\000o\000n}{}% 28
\BOOKMARK [1][-]{appendix.L}{\376\377\000S\000e\000n\000s\000i\000t\000i\000v\000i\000t\000y\000\040\000A\000n\000a\000l\000y\000s\000i\000s\000\040\000o\000f\000\040\000P\000a\000r\000t\000i\000a\000l\000\040\000R\000o\000l\000l\000o\000u\000t}{}% 29
\BOOKMARK [1][-]{appendix.M}{\376\377\000B\000a\000s\000e\000l\000i\000n\000e\000\040\000R\000e\000p\000r\000o\000d\000u\000c\000t\000i\000o\000n\000\040\000D\000e\000t\000a\000i\000l\000s}{}% 30
\BOOKMARK [1][-]{appendix.N}{\376\377\000U\000s\000e\000\040\000o\000f\000\040\000S\000c\000i\000e\000n\000t\000i\000f\000i\000c\000\040\000A\000r\000t\000i\000f\000a\000c\000t\000s}{}% 31
\BOOKMARK [1][-]{appendix.O}{\376\377\000U\000s\000e\000\040\000o\000f\000\040\000A\000I\000\040\000A\000s\000s\000i\000s\000t\000a\000n\000t\000s}{}% 32
